// Vitest Snapshot v1, https://vitest.dev/guide/snapshot.html

exports[`unit:colors > should be colorizer object 1`] = `
{
  "bgBlack": [Function bgBlack],
  "bgBlackBright": [Function bgBlackBright],
  "bgBlue": [Function bgBlue],
  "bgBlueBright": [Function bgBlueBright],
  "bgCyan": [Function bgCyan],
  "bgCyanBright": [Function bgCyanBright],
  "bgGreen": [Function bgGreen],
  "bgGreenBright": [Function bgGreenBright],
  "bgMagenta": [Function bgMagenta],
  "bgMagentaBright": [Function bgMagentaBright],
  "bgRed": [Function bgRed],
  "bgRedBright": [Function bgRedBright],
  "bgWhite": [Function bgWhite],
  "bgWhiteBright": [Function bgWhiteBright],
  "bgYellow": [Function bgYellow],
  "bgYellowBright": [Function bgYellowBright],
  "black": [Function black],
  "blackBright": [Function blackBright],
  "blue": [Function blue],
  "blueBright": [Function blueBright],
  "bold": [Function bold],
  "cyan": [Function cyan],
  "cyanBright": [Function cyanBright],
  "dim": [Function dim],
  "gray": [Function gray],
  "green": [Function green],
  "greenBright": [Function greenBright],
  "hidden": [Function hidden],
  "inverse": [Function inverse],
  "italic": [Function italic],
  "magenta": [Function magenta],
  "magentaBright": [Function magentaBright],
  "red": [Function red],
  "redBright": [Function redBright],
  "reset": [Function reset],
  "strikethrough": [Function strikethrough],
  "underline": [Function underline],
  "white": [Function white],
  "whiteBright": [Function whiteBright],
  "yellow": [Function yellow],
  "yellowBright": [Function yellowBright],
}
`;
